[0m08:44:36.087043 [debug] [MainThread]: Sending event: {'category': 'dbt', 'action': 'invocation', 'label': 'start', 'context': [<snowplow_tracker.self_describing_json.SelfDescribingJson object at 0x7903ab7b3a10>, <snowplow_tracker.self_describing_json.SelfDescribingJson object at 0x7903ad0dd6d0>, <snowplow_tracker.self_describing_json.SelfDescribingJson object at 0x7903aa3bbc50>]}


============================== 08:44:36.130394 | 7bf6a1d4-6aa6-4f2f-a210-b367c81b8a9a ==============================
[0m08:44:36.130394 [info ] [MainThread]: Running with dbt=1.11.7
[0m08:44:36.130963 [debug] [MainThread]: running dbt with arguments {'printer_width': '80', 'no_print': 'None', 'log_format': 'default', 'warn_error_options': 'WarnErrorOptionsV2(error=[], warn=[], silence=[])', 'static_parser': 'True', 'fail_fast': 'False', 'version_check': 'True', 'target_path': 'None', 'indirect_selection': 'eager', 'debug': 'False', 'quiet': 'False', 'use_experimental_parser': 'False', 'cache_selected_only': 'False', 'warn_error': 'None', 'empty': 'None', 'send_anonymous_usage_stats': 'True', 'log_path': 'logs', 'use_colors': 'True', 'introspect': 'True', 'partial_parse': 'True', 'profiles_dir': '/home/vscode/.dbt', 'log_cache_events': 'False', 'write_json': 'True', 'invocation_command': 'dbt init --skip-profile-setup'}
[0m08:44:36.187696 [info ] [MainThread]: Creating dbt configuration folder at /home/vscode/.dbt
[0m08:44:50.069926 [debug] [MainThread]: Starter project path: /opt/venv/lib/python3.13/site-packages/dbt/include/starter_project
[0m08:44:50.075863 [info ] [MainThread]: 
Your new dbt project "airbnb" was created!

For more information on how to configure the profiles.yml file,
please consult the dbt documentation here:

  https://docs.getdbt.com/docs/configure-your-profile

One more thing:

Need help? Don't hesitate to reach out to us via GitHub issues or on Slack:

  https://community.getdbt.com/

Happy modeling!

[0m08:44:50.077855 [debug] [MainThread]: Resource report: {"command_name": "init", "command_success": true, "command_wall_clock_time": 14.066716, "process_in_blocks": "60560", "process_kernel_time": 0.38314, "process_mem_max_rss": "128052", "process_out_blocks": "33688", "process_user_time": 3.675421}
[0m08:44:50.078523 [debug] [MainThread]: Command `dbt init` succeeded at 08:44:50.078414 after 14.07 seconds
[0m08:44:50.078841 [debug] [MainThread]: Sending event: {'category': 'dbt', 'action': 'invocation', 'label': 'end', 'context': [<snowplow_tracker.self_describing_json.SelfDescribingJson object at 0x7903aa2b43e0>, <snowplow_tracker.self_describing_json.SelfDescribingJson object at 0x7903aa2e9370>, <snowplow_tracker.self_describing_json.SelfDescribingJson object at 0x7903aa310490>]}
[0m08:44:50.079480 [debug] [MainThread]: Flushing usage events
[0m08:44:50.476908 [debug] [MainThread]: An error was encountered while trying to flush usage events
[0m11:43:19.407452 [debug] [MainThread]: Sending event: {'category': 'dbt', 'action': 'invocation', 'label': 'start', 'context': [<snowplow_tracker.self_describing_json.SelfDescribingJson object at 0x71eade79bb60>, <snowplow_tracker.self_describing_json.SelfDescribingJson object at 0x71eae02b4050>, <snowplow_tracker.self_describing_json.SelfDescribingJson object at 0x71eadd69b9d0>]}


============================== 11:43:19.419329 | 9246f4d2-9529-4951-bc64-5feb9fa9c845 ==============================
[0m11:43:19.419329 [info ] [MainThread]: Running with dbt=1.11.7
[0m11:43:19.420023 [debug] [MainThread]: running dbt with arguments {'log_path': 'logs', 'empty': 'None', 'version_check': 'True', 'indirect_selection': 'eager', 'warn_error': 'None', 'debug': 'False', 'static_parser': 'True', 'introspect': 'True', 'invocation_command': 'dbt init --skip-profile-setup', 'target_path': 'None', 'fail_fast': 'False', 'quiet': 'False', 'log_cache_events': 'False', 'use_experimental_parser': 'False', 'send_anonymous_usage_stats': 'True', 'cache_selected_only': 'False', 'use_colors': 'True', 'profiles_dir': '/home/vscode/.dbt', 'write_json': 'True', 'log_format': 'default', 'warn_error_options': 'WarnErrorOptionsV2(error=[], warn=[], silence=[])', 'partial_parse': 'True', 'no_print': 'None', 'printer_width': '80'}
[0m11:43:33.049040 [info ] [MainThread]: A project called airbnb already exists here.
[0m11:43:33.050914 [debug] [MainThread]: Resource report: {"command_name": "init", "command_success": true, "command_wall_clock_time": 13.7077055, "process_in_blocks": "1552", "process_kernel_time": 0.130087, "process_mem_max_rss": "104264", "process_out_blocks": "16", "process_user_time": 1.547147}
[0m11:43:33.052305 [debug] [MainThread]: Command `dbt init` succeeded at 11:43:33.052117 after 13.71 seconds
[0m11:43:33.052856 [debug] [MainThread]: Sending event: {'category': 'dbt', 'action': 'invocation', 'label': 'end', 'context': [<snowplow_tracker.self_describing_json.SelfDescribingJson object at 0x71eadd679ba0>, <snowplow_tracker.self_describing_json.SelfDescribingJson object at 0x71eadd54dd90>, <snowplow_tracker.self_describing_json.SelfDescribingJson object at 0x71eadd5fc380>]}
[0m11:43:33.053399 [debug] [MainThread]: Flushing usage events
[0m11:43:33.533312 [debug] [MainThread]: An error was encountered while trying to flush usage events
